[2026-05-19 00:45:47,263] INFO: === DEBUT DU PRETRAITEMENT ===
[2026-05-19 00:45:47,264] INFO: Input  : ../data/brutes
[2026-05-19 00:45:47,264] INFO: Output : ../data/finales
[2026-05-19 00:45:47,264] INFO: Taille cible : (224, 224)
[2026-05-19 00:45:47,266] INFO: 
--- Traitement : cygne_tuberculé ---
[2026-05-19 00:45:47,502] INFO: [SAVED] 01c981d60b.jpg
[2026-05-19 00:45:47,509] INFO: [SAVED] 02fe23a973.jpg
[2026-05-19 00:45:47,517] INFO: [SAVED] 047427c5f1.jpg
[2026-05-19 00:45:47,523] INFO: [SAVED] 06b61078e8.jpg
[2026-05-19 00:45:47,529] INFO: [SAVED] 07348c520f.jpg
[2026-05-19 00:45:47,538] INFO: [SAVED] 0743f5da70.jpg
[2026-05-19 00:45:47,545] INFO: [SAVED] 086b13104d.jpg
[2026-05-19 00:45:47,554] INFO: [SAVED] 0a8cfc9e16.jpg
[2026-05-19 00:45:47,561] INFO: [SAVED] 0b65c4aba3.jpg
[2026-05-19 00:45:47,568] INFO: [SAVED] 0d2dd6dd80.jpg
[2026-05-19 00:45:47,575] INFO: [SAVED] 0d3a8d756a.jpg
[2026-05-19 00:45:47,582] INFO: [SAVED] 0d627aaead.jpg
[2026-05-19 00:45:47,587] INFO: [SAVED] 0d87220daa.jpg
[2026-05-19 00:45:47,594] INFO: [SAVED] 0dac576e92.jpg
[2026-05-19 00:45:47,603] INFO: [SAVED] 0e9d7baf8d.jpg
[2026-05-19 00:45:47,611] INFO: [SAVED] 11686944b8.jpg
[2026-05-19 00:45:47,620] INFO: [SAVED] 11c4cc8d53.jpg
[2026-05-19 00:45:47,629] INFO: [SAVED] 128a00002f.jpg
[2026-05-19 00:45:47,635] INFO: [SAVED] 1416d52131.jpg
[2026-05-19 00:45:47,641] INFO: [SAVED] 1590aa7818.jpg
[2026-05-19 00:45:47,651] INFO: [SAVED] 189f81a4f0.jpg
[2026-05-19 00:45:47,658] INFO: [SAVED] 18d98cde28.jpg
[2026-05-19 00:45:47,666] INFO: [SAVED] 197f32f81b.jpg
[2026-05-19 00:45:47,673] INFO: [SAVED] 1bf17a3be6.jpg
[2026-05-19 00:45:47,681] INFO: [SAVED] 1e0fbd4643.jpg
[2026-05-19 00:45:47,688] INFO: [SAVED] 1e7b3378be.jpg
[2026-05-19 00:45:47,697] INFO: [SAVED] 1fe6fd3b29.jpg
[2026-05-19 00:45:47,706] INFO: [SAVED] 20385b506d.jpg
[2026-05-19 00:45:47,716] INFO: [SAVED] 231b860b94.jpg
[2026-05-19 00:45:47,724] INFO: [SAVED] 24dd739c89.jpg
[2026-05-19 00:45:47,734] INFO: [SAVED] 274535f0af.jpg
[2026-05-19 00:45:47,741] INFO: [SAVED] 29b577f97a.jpg
[2026-05-19 00:45:47,748] INFO: [SAVED] 29f878b9ab.jpg
[2026-05-19 00:45:47,755] INFO: [SAVED] 2b5bc43aac.jpg
[2026-05-19 00:45:47,763] INFO: [SAVED] 2b61752933.jpg
[2026-05-19 00:45:47,773] INFO: [SAVED] 2ca0165380.jpg
[2026-05-19 00:45:47,781] INFO: [SAVED] 2db4149e1f.jpg
[2026-05-19 00:45:47,790] INFO: [SAVED] 2dbc0d5c47.jpg
[2026-05-19 00:45:47,801] INFO: [SAVED] 2f2bfbbba3.jpg
[2026-05-19 00:45:47,807] INFO: [SAVED] 3161e0979b.jpg
[2026-05-19 00:45:47,814] INFO: [SAVED] 32bd65deb8.jpg
[2026-05-19 00:45:47,822] INFO: [SAVED] 34e0686b2f.jpg
[2026-05-19 00:45:47,829] INFO: [SAVED] 34e082df8d.jpg
[2026-05-19 00:45:47,835] INFO: [SAVED] 3651ff02fc.jpg
[2026-05-19 00:45:47,841] INFO: [SAVED] 37ca5f749e.jpg
[2026-05-19 00:45:47,847] INFO: [SAVED] 384b10283c.jpg
[2026-05-19 00:45:47,855] INFO: [SAVED] 386f93ff70.jpg
[2026-05-19 00:45:47,863] INFO: [SAVED] 3ab1af286b.jpg
[2026-05-19 00:45:47,878] INFO: [SAVED] 3c09182013.jpg
[2026-05-19 00:45:47,889] INFO: [SAVED] 3d973f96e3.jpg
[2026-05-19 00:45:47,899] INFO: [SAVED] 3dfa1ed2a7.jpg
[2026-05-19 00:45:47,912] INFO: [SAVED] 3e0415121c.jpg
[2026-05-19 00:45:47,919] INFO: [SAVED] 3e9ad5f46b.jpg
[2026-05-19 00:45:47,928] INFO: [SAVED] 3ebaf41727.jpg
[2026-05-19 00:45:47,935] INFO: [SAVED] 3f79b460e6.jpg
[2026-05-19 00:45:47,942] INFO: [SAVED] 417ce5b284.jpg
[2026-05-19 00:45:47,951] INFO: [SAVED] 4368019512.jpg
[2026-05-19 00:45:47,957] INFO: [SAVED] 471e6cc158.jpg
[2026-05-19 00:45:47,965] INFO: [SAVED] 4a51c71157.jpg
[2026-05-19 00:45:47,972] INFO: [SAVED] 4c28f45b45.jpg
[2026-05-19 00:45:47,978] INFO: [SAVED] 522be4bbc1.jpg
[2026-05-19 00:45:47,985] INFO: [SAVED] 53c0825b99.jpg
[2026-05-19 00:45:47,994] INFO: [SAVED] 5420d9fed4.jpg
[2026-05-19 00:45:48,001] INFO: [SAVED] 55cb180403.jpg
[2026-05-19 00:45:48,007] INFO: [SAVED] 5652de3d42.jpg
[2026-05-19 00:45:48,017] INFO: [SAVED] 58a0257f67.jpg
[2026-05-19 00:45:48,024] INFO: [SAVED] 629e7e22fc.jpg
[2026-05-19 00:45:48,033] INFO: [SAVED] 636407cb97.jpg
[2026-05-19 00:45:48,039] INFO: [SAVED] 653296d7aa.jpg
[2026-05-19 00:45:48,047] INFO: [SAVED] 670d015780.jpg
[2026-05-19 00:45:48,053] INFO: [SAVED] 6c475948a5.jpg
[2026-05-19 00:45:48,062] INFO: [SAVED] 6c76c2cf09.jpg
[2026-05-19 00:45:48,068] INFO: [SAVED] 6cc47989d4.jpg
[2026-05-19 00:45:48,077] INFO: [SAVED] 7010961338.jpg
[2026-05-19 00:45:48,084] INFO: [SAVED] 70aab37137.jpg
[2026-05-19 00:45:48,091] INFO: [SAVED] 70b6c7af00.jpg
[2026-05-19 00:45:48,099] INFO: [SAVED] 70d4f96068.jpg
[2026-05-19 00:45:48,106] INFO: [SAVED] 7446092c2c.jpg
[2026-05-19 00:45:48,114] INFO: [SAVED] 74fb35740d.jpg
[2026-05-19 00:45:48,120] INFO: [SAVED] 756a1cbbfd.jpg
[2026-05-19 00:45:48,126] INFO: [SAVED] 7b23860703.jpg
[2026-05-19 00:45:48,134] INFO: [SAVED] 7e9d9c90a5.jpg
[2026-05-19 00:45:48,140] INFO: [SAVED] 7ebaa33cdc.jpg
[2026-05-19 00:45:48,146] INFO: [SAVED] 87a66a0539.jpg
[2026-05-19 00:45:48,152] INFO: [SAVED] 885d0ee6fd.jpg
[2026-05-19 00:45:48,159] INFO: [SAVED] 8a972d2f0c.jpg
[2026-05-19 00:45:48,168] INFO: [SAVED] 8c80df991d.jpg
[2026-05-19 00:45:48,177] INFO: [SAVED] 8d8e07cda3.jpg
[2026-05-19 00:45:48,188] INFO: [SAVED] 8e060f3c09.jpg
[2026-05-19 00:45:48,197] INFO: [SAVED] 8e5e446ac6.jpg
[2026-05-19 00:45:48,207] INFO: [SAVED] 916700911d.jpg
[2026-05-19 00:45:48,215] INFO: [SAVED] 9320da438e.jpg
[2026-05-19 00:45:48,224] INFO: [SAVED] 96b6c3f64e.jpg
[2026-05-19 00:45:48,234] INFO: [SAVED] 9a1cdb5c41.jpg
[2026-05-19 00:45:48,244] INFO: [SAVED] a2df1639d3.jpg
[2026-05-19 00:45:48,257] INFO: [SAVED] a7820b8fa1.jpg
[2026-05-19 00:45:48,265] INFO: [SAVED] b0201cbab1.jpg
[2026-05-19 00:45:48,270] INFO: [SAVED] b60bb2812c.jpg
[2026-05-19 00:45:48,278] INFO: [SAVED] b6100cbf86.jpg
[2026-05-19 00:45:48,288] INFO: [SAVED] bc5664d6e8.jpg
[2026-05-19 00:45:48,298] INFO: [SAVED] bcbc18e78f.jpg
[2026-05-19 00:45:48,307] INFO: [SAVED] bdf93319e3.jpg
[2026-05-19 00:45:48,320] INFO: [SAVED] beee9fa210.jpg
[2026-05-19 00:45:48,330] INFO: [SAVED] c1ef89d98d.jpg
[2026-05-19 00:45:48,340] INFO: [SAVED] c3121ea0f3.jpg
[2026-05-19 00:45:48,349] INFO: [SAVED] c629235c6a.jpg
[2026-05-19 00:45:48,358] INFO: [SAVED] cbbf2ed4f5.jpg
[2026-05-19 00:45:48,367] INFO: [SAVED] ce12344d83.jpg
[2026-05-19 00:45:48,377] INFO: [SAVED] d0ecc5f99b.jpg
[2026-05-19 00:45:48,388] INFO: [SAVED] dc6dabbdfa.jpg
[2026-05-19 00:45:48,398] INFO: [SAVED] dceb74eac2.jpg
[2026-05-19 00:45:48,407] INFO: [SAVED] de8e362437.jpg
[2026-05-19 00:45:48,420] INFO: [SAVED] e0d4bbd8c1.jpg
[2026-05-19 00:45:48,430] INFO: [SAVED] e6458d4326.jpg
[2026-05-19 00:45:48,439] INFO: [SAVED] e7036b3a4c.jpg
[2026-05-19 00:45:48,450] INFO: [SAVED] e87fe92503.jpg
[2026-05-19 00:45:48,461] INFO: [SAVED] efc4e4a09b.jpg
[2026-05-19 00:45:48,471] INFO: [SAVED] f9d3fbbd79.jpg
[2026-05-19 00:45:48,481] INFO: [SAVED] fa0a660541.jpg
[2026-05-19 00:45:48,490] INFO: [SAVED] faf36ea697.jpg
[2026-05-19 00:45:48,499] INFO: [SAVED] fbfcd47351.jpg
[2026-05-19 00:45:48,500] INFO: [OK] cygne_tuberculé : 121 images prétraitées
[2026-05-19 00:45:48,501] INFO: 
--- Traitement : flamant_rose ---
[2026-05-19 00:45:48,509] INFO: [SAVED] 0097980a35.jpg
[2026-05-19 00:45:48,516] INFO: [SAVED] 02a810d073.jpg
[2026-05-19 00:45:48,525] INFO: [SAVED] 0451052f8d.jpg
[2026-05-19 00:45:48,535] INFO: [SAVED] 0540ec6ad4.jpg
[2026-05-19 00:45:48,544] INFO: [SAVED] 075562f1d8.jpg
[2026-05-19 00:45:48,554] INFO: [SAVED] 07b652a197.jpg
[2026-05-19 00:45:48,561] INFO: [SAVED] 09e0d07664.jpg
[2026-05-19 00:45:48,569] INFO: [SAVED] 0f9ac5272e.jpg
[2026-05-19 00:45:48,576] INFO: [SAVED] 0fb27bdfc0.jpg
[2026-05-19 00:45:48,586] INFO: [SAVED] 108f0ce9f9.jpg
[2026-05-19 00:45:48,593] INFO: [SAVED] 1154894585.jpg
[2026-05-19 00:45:48,603] INFO: [SAVED] 122abcb3ca.jpg
[2026-05-19 00:45:48,611] INFO: [SAVED] 1243abb498.jpg
[2026-05-19 00:45:48,621] INFO: [SAVED] 1378bb7fcd.jpg
[2026-05-19 00:45:48,630] INFO: [SAVED] 1497f3682e.jpg
[2026-05-19 00:45:48,637] INFO: [SAVED] 15c2537669.jpg
[2026-05-19 00:45:48,645] INFO: [SAVED] 167ec508df.jpg
[2026-05-19 00:45:48,651] INFO: [SAVED] 177cf43cf1.jpg
[2026-05-19 00:45:48,661] INFO: [SAVED] 1adb6f0f67.jpg
[2026-05-19 00:45:48,672] INFO: [SAVED] 1b850bf167.jpg
[2026-05-19 00:45:48,681] INFO: [SAVED] 215b377a5c.jpg
[2026-05-19 00:45:48,691] INFO: [SAVED] 21d4aed662.jpg
[2026-05-19 00:45:48,702] INFO: [SAVED] 2387aaf1f0.jpg
[2026-05-19 00:45:48,712] INFO: [SAVED] 23908260d9.jpg
[2026-05-19 00:45:48,720] INFO: [SAVED] 23c6fb2138.jpg
[2026-05-19 00:45:48,729] INFO: [SAVED] 242cea35b4.jpg
[2026-05-19 00:45:48,740] INFO: [SAVED] 2450b2e38f.jpg
[2026-05-19 00:45:48,749] INFO: [SAVED] 24bce6ef10.jpg
[2026-05-19 00:45:48,758] INFO: [SAVED] 256ca21a6e.jpg
[2026-05-19 00:45:48,767] INFO: [SAVED] 271d9ddc8c.jpg
[2026-05-19 00:45:48,780] INFO: [SAVED] 274a1a309b.jpg
[2026-05-19 00:45:48,789] INFO: [SAVED] 2910083961.jpg
[2026-05-19 00:45:48,797] INFO: [SAVED] 29e5f957cf.jpg
[2026-05-19 00:45:48,806] INFO: [SAVED] 2aa41cde0f.jpg
[2026-05-19 00:45:48,814] INFO: [SAVED] 2aa95e8d13.jpg
[2026-05-19 00:45:48,824] INFO: [SAVED] 2b283785f7.jpg
[2026-05-19 00:45:48,858] INFO: [SAVED] 2be5a4147d.jpg
[2026-05-19 00:45:48,871] INFO: [SAVED] 2d028cf6eb.jpg
[2026-05-19 00:45:48,881] INFO: [SAVED] 2e4b1e8f3b.jpg
[2026-05-19 00:45:48,889] INFO: [SAVED] 2eece37a77.jpg
[2026-05-19 00:45:48,901] INFO: [SAVED] 336c3e9eac.jpg
[2026-05-19 00:45:48,912] INFO: [SAVED] 33db4981cf.jpg
[2026-05-19 00:45:48,921] INFO: [SAVED] 355dd512af.jpg
[2026-05-19 00:45:48,931] INFO: [SAVED] 3759d1062c.jpg
[2026-05-19 00:45:48,942] INFO: [SAVED] 380a49f15c.jpg
[2026-05-19 00:45:48,952] INFO: [SAVED] 38234e5a0c.jpg
[2026-05-19 00:45:48,960] INFO: [SAVED] 3920a7eb6a.jpg
[2026-05-19 00:45:48,966] INFO: [SAVED] 39320fff89.jpg
[2026-05-19 00:45:48,983] INFO: [SAVED] 3a86eaa3f7.jpg
[2026-05-19 00:45:48,997] INFO: [SAVED] 3b5e5a7954.jpg
[2026-05-19 00:45:49,008] INFO: [SAVED] 3b9c5cacb7.jpg
[2026-05-19 00:45:49,018] INFO: [SAVED] 3bdc904438.jpg
[2026-05-19 00:45:49,033] INFO: [SAVED] 3d7add16c0.jpg
[2026-05-19 00:45:49,046] INFO: [SAVED] 400ea7eb99.jpg
[2026-05-19 00:45:49,055] INFO: [SAVED] 40e7318d46.jpg
[2026-05-19 00:45:49,064] INFO: [SAVED] 41d2131b6e.jpg
[2026-05-19 00:45:49,073] INFO: [SAVED] 41fe64ee88.jpg
[2026-05-19 00:45:49,082] INFO: [SAVED] 4374ab072d.jpg
[2026-05-19 00:45:49,091] INFO: [SAVED] 44d29db3b4.jpg
[2026-05-19 00:45:49,101] INFO: [SAVED] 4505bf0487.jpg
[2026-05-19 00:45:49,109] INFO: [SAVED] 455121501a.jpg
[2026-05-19 00:45:49,119] INFO: [SAVED] 45ecd3fac1.jpg
[2026-05-19 00:45:49,128] INFO: [SAVED] 47fa7499ac.jpg
[2026-05-19 00:45:49,135] INFO: [SAVED] 49ffb96ca3.jpg
[2026-05-19 00:45:49,142] INFO: [SAVED] 4d0d99c04a.jpg
[2026-05-19 00:45:49,151] INFO: [SAVED] 4d296c26c9.jpg
[2026-05-19 00:45:49,160] INFO: [SAVED] 4e41a205b9.jpg
[2026-05-19 00:45:49,168] INFO: [SAVED] 4ebc681819.jpg
[2026-05-19 00:45:49,178] INFO: [SAVED] 4ed93ef14f.jpg
[2026-05-19 00:45:49,189] INFO: [SAVED] 4fce7d12ef.jpg
[2026-05-19 00:45:49,198] INFO: [SAVED] 4fdbb191a5.jpg
[2026-05-19 00:45:49,207] INFO: [SAVED] 5091f2017a.jpg
[2026-05-19 00:45:49,220] INFO: [SAVED] 50d2a81dba.jpg
[2026-05-19 00:45:49,230] INFO: [SAVED] 5147659fb3.jpg
[2026-05-19 00:45:49,239] INFO: [SAVED] 51f363f144.jpg
[2026-05-19 00:45:49,255] INFO: [SAVED] 5351e2a50e.jpg
[2026-05-19 00:45:49,267] INFO: [SAVED] 55a4c60422.jpg
[2026-05-19 00:45:49,277] INFO: [SAVED] 55bfffdc17.jpg
[2026-05-19 00:45:49,289] INFO: [SAVED] 59425621a3.jpg
[2026-05-19 00:45:49,299] INFO: [SAVED] 5aed02407f.jpg
[2026-05-19 00:45:49,308] INFO: [SAVED] 5e8fed3e5f.jpg
[2026-05-19 00:45:49,317] INFO: [SAVED] 61dd4f927a.jpg
[2026-05-19 00:45:49,331] INFO: [SAVED] 697dc2e9ac.jpg
[2026-05-19 00:45:49,341] INFO: [SAVED] 6bb97152b3.jpg
[2026-05-19 00:45:49,351] INFO: [SAVED] 6eca13700a.jpg
[2026-05-19 00:45:49,364] INFO: [SAVED] 6fa4fb1893.jpg
[2026-05-19 00:45:49,373] INFO: [SAVED] 7134814569.jpg
[2026-05-19 00:45:49,385] INFO: [SAVED] 718431bc63.jpg
[2026-05-19 00:45:49,394] INFO: [SAVED] 72044fb401.jpg
[2026-05-19 00:45:49,404] INFO: [SAVED] 727b3a7388.jpg
[2026-05-19 00:45:49,413] INFO: [SAVED] 7295dcb0e4.jpg
[2026-05-19 00:45:49,422] INFO: [SAVED] 73298be56c.jpg
[2026-05-19 00:45:49,430] INFO: [SAVED] 73306ba912.jpg
[2026-05-19 00:45:49,439] INFO: [SAVED] 741a4a3e6c.jpg
[2026-05-19 00:45:49,447] INFO: [SAVED] 766e9569a3.jpg
[2026-05-19 00:45:49,456] INFO: [SAVED] 7739757dab.jpg
[2026-05-19 00:45:49,464] INFO: [SAVED] 7a1be424c7.jpg
[2026-05-19 00:45:49,470] INFO: [SAVED] 7a974adfd2.jpg
[2026-05-19 00:45:49,476] INFO: [SAVED] 7a9ebbca1a.jpg
[2026-05-19 00:45:49,482] INFO: [SAVED] 7b1aed18a0.jpg
[2026-05-19 00:45:49,488] INFO: [SAVED] 7c66966bfc.jpg
[2026-05-19 00:45:49,495] INFO: [SAVED] 7e05d76e55.jpg
[2026-05-19 00:45:49,503] INFO: [SAVED] 80cd4e298c.jpg
[2026-05-19 00:45:49,510] INFO: [SAVED] 80cd9effe7.jpg
[2026-05-19 00:45:49,518] INFO: [SAVED] 80d4598c47.jpg
[2026-05-19 00:45:49,524] INFO: [SAVED] 8171f828d4.jpg
[2026-05-19 00:45:49,531] INFO: [SAVED] 826ad5b01f.jpg
[2026-05-19 00:45:49,536] INFO: [SAVED] 82f177119f.jpg
[2026-05-19 00:45:49,545] INFO: [SAVED] 8386aa59c7.jpg
[2026-05-19 00:45:49,553] INFO: [SAVED] 849150abd3.jpg
[2026-05-19 00:45:49,569] INFO: [SAVED] 8799bce0c8.jpg
[2026-05-19 00:45:49,586] INFO: [SAVED] 8866982fde.jpg
[2026-05-19 00:45:49,598] INFO: [SAVED] 88bf703194.jpg
[2026-05-19 00:45:49,606] INFO: [SAVED] 88c45ba052.jpg
[2026-05-19 00:45:49,614] INFO: [SAVED] 8a07e61a91.jpg
[2026-05-19 00:45:49,620] INFO: [SAVED] 8be220148d.jpg
[2026-05-19 00:45:49,625] INFO: [SAVED] 8be28961e8.jpg
[2026-05-19 00:45:49,632] INFO: [SAVED] 8c90ca0e24.jpg
[2026-05-19 00:45:49,638] INFO: [SAVED] 8e149ae8d3.jpg
[2026-05-19 00:45:49,646] INFO: [SAVED] 8eb76c0fa3.jpg
[2026-05-19 00:45:49,653] INFO: [SAVED] 8f77c9145b.jpg
[2026-05-19 00:45:49,661] INFO: [SAVED] 90fba9fce7.jpg
[2026-05-19 00:45:49,668] INFO: [SAVED] 93b50bf8d7.jpg
[2026-05-19 00:45:49,675] INFO: [SAVED] 94445585ac.jpg
[2026-05-19 00:45:49,682] INFO: [SAVED] 949b7676ba.jpg
[2026-05-19 00:45:49,689] INFO: [SAVED] 95e2f1996b.jpg
[2026-05-19 00:45:49,696] INFO: [SAVED] 976abeb7a8.jpg
[2026-05-19 00:45:49,702] INFO: [SAVED] 99c0a88179.jpg
[2026-05-19 00:45:49,709] INFO: [SAVED] 9a1cc89e01.jpg
[2026-05-19 00:45:49,717] INFO: [SAVED] 9a859fd398.jpg
[2026-05-19 00:45:49,729] INFO: [SAVED] 9ad910a842.jpg
[2026-05-19 00:45:49,739] INFO: [SAVED] 9dea60a2c4.jpg
[2026-05-19 00:45:49,748] INFO: [SAVED] 9e5c2dcd80.jpg
[2026-05-19 00:45:49,754] INFO: [SAVED] 9eb9033c94.jpg
[2026-05-19 00:45:49,762] INFO: [SAVED] a11551c512.jpg
[2026-05-19 00:45:49,771] INFO: [SAVED] a2e5739cd2.jpg
[2026-05-19 00:45:49,777] INFO: [SAVED] a3021fb8de.jpg
[2026-05-19 00:45:49,787] INFO: [SAVED] a52b886b36.jpg
[2026-05-19 00:45:49,794] INFO: [SAVED] a6131a5efe.jpg
[2026-05-19 00:45:49,802] INFO: [SAVED] a886310fd1.jpg
[2026-05-19 00:45:49,810] INFO: [SAVED] a88bce50a1.jpg
[2026-05-19 00:45:49,816] INFO: [SAVED] a909551902.jpg
[2026-05-19 00:45:49,823] INFO: [SAVED] a9a43864b7.jpg
[2026-05-19 00:45:49,830] INFO: [SAVED] a9e9af6f4b.jpg
[2026-05-19 00:45:49,836] INFO: [SAVED] ab20b1df69.jpg
[2026-05-19 00:45:49,842] INFO: [SAVED] ad13ea7377.jpg
[2026-05-19 00:45:49,851] INFO: [SAVED] adce2df69c.jpg
[2026-05-19 00:45:49,857] INFO: [SAVED] b12eb9699d.jpg
[2026-05-19 00:45:49,864] INFO: [SAVED] b493b69261.jpg
[2026-05-19 00:45:49,872] INFO: [SAVED] b67c875d16.jpg
[2026-05-19 00:45:49,880] INFO: [SAVED] b68cd50054.jpg
[2026-05-19 00:45:49,886] INFO: [SAVED] b75f74894f.jpg
[2026-05-19 00:45:49,894] INFO: [SAVED] b78934c135.jpg
[2026-05-19 00:45:49,900] INFO: [SAVED] b7b5d4a16f.jpg
[2026-05-19 00:45:49,906] INFO: [SAVED] b8731ef1c2.jpg
[2026-05-19 00:45:49,914] INFO: [SAVED] bb993a4313.jpg
[2026-05-19 00:45:49,922] INFO: [SAVED] bc8cc3a4fc.jpg
[2026-05-19 00:45:49,929] INFO: [SAVED] bda131febd.jpg
[2026-05-19 00:45:49,935] INFO: [SAVED] bf28d805e0.jpg
[2026-05-19 00:45:49,944] INFO: [SAVED] bf7cf23b33.jpg
[2026-05-19 00:45:49,951] INFO: [SAVED] c01f2525c7.jpg
[2026-05-19 00:45:49,958] INFO: [SAVED] c1a98db648.jpg
[2026-05-19 00:45:49,965] INFO: [SAVED] c2ce9008fa.jpg
[2026-05-19 00:45:49,971] INFO: [SAVED] c63a6b528c.jpg
[2026-05-19 00:45:49,979] INFO: [SAVED] c7b2d5147c.jpg
[2026-05-19 00:45:49,985] INFO: [SAVED] c7ce820ab4.jpg
[2026-05-19 00:45:49,994] INFO: [SAVED] c8fee31d9b.jpg
[2026-05-19 00:45:50,002] INFO: [SAVED] cc3be49491.jpg
[2026-05-19 00:45:50,010] INFO: [SAVED] cca3ea451d.jpg
[2026-05-19 00:45:50,017] INFO: [SAVED] cd6b7283e8.jpg
[2026-05-19 00:45:50,022] INFO: [SAVED] ce583989b0.jpg
[2026-05-19 00:45:50,029] INFO: [SAVED] ce96fa157f.jpg
[2026-05-19 00:45:50,039] INFO: [SAVED] cf06b1a942.jpg
[2026-05-19 00:45:50,049] INFO: [SAVED] d03f29206a.jpg
[2026-05-19 00:45:50,057] INFO: [SAVED] d0ea246046.jpg
[2026-05-19 00:45:50,068] INFO: [SAVED] d380ffa4c4.jpg
[2026-05-19 00:45:50,074] INFO: [SAVED] d4bdaf4096.jpg
[2026-05-19 00:45:50,083] INFO: [SAVED] d66bb32c18.jpg
[2026-05-19 00:45:50,090] INFO: [SAVED] d690103936.jpg
[2026-05-19 00:45:50,099] INFO: [SAVED] d724492f76.jpg
[2026-05-19 00:45:50,105] INFO: [SAVED] d7fb1e2766.jpg
[2026-05-19 00:45:50,113] INFO: [SAVED] dbcec6f599.jpg
[2026-05-19 00:45:50,120] INFO: [SAVED] dc328351b1.jpg
[2026-05-19 00:45:50,130] INFO: [SAVED] dfeccd40b0.jpg
[2026-05-19 00:45:50,138] INFO: [SAVED] e0e73515f8.jpg
[2026-05-19 00:45:50,147] INFO: [SAVED] e2584ee86d.jpg
[2026-05-19 00:45:50,156] INFO: [SAVED] e361d4730a.jpg
[2026-05-19 00:45:50,164] INFO: [SAVED] e51618d17c.jpg
[2026-05-19 00:45:50,170] INFO: [SAVED] e58fe1164f.jpg
[2026-05-19 00:45:50,179] INFO: [SAVED] e62b2dd3bb.jpg
[2026-05-19 00:45:50,185] INFO: [SAVED] e8db9dc771.jpg
[2026-05-19 00:45:50,206] INFO: [SAVED] e90ec1f1dd.jpg
[2026-05-19 00:45:50,222] INFO: [SAVED] e9b5bcf238.jpg
[2026-05-19 00:45:50,235] INFO: [SAVED] eb157fe42c.jpg
[2026-05-19 00:45:50,245] INFO: [SAVED] eef07caffe.jpg
[2026-05-19 00:45:50,257] INFO: [SAVED] ef3e9d4217.jpg
[2026-05-19 00:45:50,267] INFO: [SAVED] f10957c0a3.jpg
[2026-05-19 00:45:50,279] INFO: [SAVED] f5eba9b540.jpg
[2026-05-19 00:45:50,289] INFO: [SAVED] f8b6fc2eee.jpg
[2026-05-19 00:45:50,298] INFO: [SAVED] f8f4ee1974.jpg
[2026-05-19 00:45:50,308] INFO: [SAVED] fabc34c0a3.jpg
[2026-05-19 00:45:50,317] INFO: [SAVED] faf9fe2bd9.jpg
[2026-05-19 00:45:50,326] INFO: [SAVED] fb1e0f9af0.jpg
[2026-05-19 00:45:50,336] INFO: [SAVED] fbd7bf5715.jpg
[2026-05-19 00:45:50,345] INFO: [SAVED] fc483ac3c7.jpg
[2026-05-19 00:45:50,357] INFO: [SAVED] fdd53e3762.jpg
[2026-05-19 00:45:50,368] INFO: [SAVED] fe1e58a6b2.jpg
[2026-05-19 00:45:50,377] INFO: [SAVED] fe29764298.jpg
[2026-05-19 00:45:50,378] INFO: [OK] flamant_rose : 208 images prétraitées
[2026-05-19 00:45:50,378] INFO: 
--- Traitement : hibou_grand-duc ---
[2026-05-19 00:45:50,388] INFO: [SAVED] 01b55c31b5.jpg
[2026-05-19 00:45:50,398] INFO: [SAVED] 028114819b.jpg
[2026-05-19 00:45:50,408] INFO: [SAVED] 039e2e9d30.jpg
[2026-05-19 00:45:50,419] INFO: [SAVED] 040b727dc7.jpg
[2026-05-19 00:45:50,430] INFO: [SAVED] 044fad4db4.jpg
[2026-05-19 00:45:50,440] INFO: [SAVED] 046f9fe51c.jpg
[2026-05-19 00:45:50,450] INFO: [SAVED] 05697a3234.jpg
[2026-05-19 00:45:50,459] INFO: [SAVED] 0695e140ce.jpg
[2026-05-19 00:45:50,470] INFO: [SAVED] 07a31a9eb0.jpg
[2026-05-19 00:45:50,481] INFO: [SAVED] 07dc39ea68.jpg
[2026-05-19 00:45:50,490] INFO: [SAVED] 0970e53572.jpg
[2026-05-19 00:45:50,500] INFO: [SAVED] 09ab2ff596.jpg
[2026-05-19 00:45:50,511] INFO: [SAVED] 0a29df3f19.jpg
[2026-05-19 00:45:50,522] INFO: [SAVED] 0ab978db6c.jpg
[2026-05-19 00:45:50,532] INFO: [SAVED] 0e643c644a.jpg
[2026-05-19 00:45:50,538] INFO: [SAVED] 0e90bf8cbc.jpg
[2026-05-19 00:45:50,547] INFO: [SAVED] 0f1edf62a9.jpg
[2026-05-19 00:45:50,553] INFO: [SAVED] 11883b3513.jpg
[2026-05-19 00:45:50,562] INFO: [SAVED] 124f1e67f2.jpg
[2026-05-19 00:45:50,568] INFO: [SAVED] 1327b9ce24.jpg
[2026-05-19 00:45:50,577] INFO: [SAVED] 172b552043.jpg
[2026-05-19 00:45:50,585] INFO: [SAVED] 1773d15d0b.jpg
[2026-05-19 00:45:50,595] INFO: [SAVED] 1789518b54.jpg
[2026-05-19 00:45:50,601] INFO: [SAVED] 17a8d6dd6e.jpg
[2026-05-19 00:45:50,607] INFO: [SAVED] 1847d9b068.jpg
[2026-05-19 00:45:50,615] INFO: [SAVED] 1b3ed4e6f2.jpg
[2026-05-19 00:45:50,622] INFO: [SAVED] 1d88cf7272.jpg
[2026-05-19 00:45:50,628] INFO: [SAVED] 1db07f99bd.jpg
[2026-05-19 00:45:50,634] INFO: [SAVED] 1db595834c.jpg
[2026-05-19 00:45:50,641] INFO: [SAVED] 22c4d978b0.jpg
[2026-05-19 00:45:50,649] INFO: [SAVED] 252fdda4d2.jpg
[2026-05-19 00:45:50,656] INFO: [SAVED] 28ddfa96c5.jpg
[2026-05-19 00:45:50,663] INFO: [SAVED] 2a1c6c1596.jpg
[2026-05-19 00:45:50,670] INFO: [SAVED] 2ba2c51861.jpg
[2026-05-19 00:45:50,678] INFO: [SAVED] 2d0211dbb8.jpg
[2026-05-19 00:45:50,685] INFO: [SAVED] 2f3921f46e.jpg
[2026-05-19 00:45:50,692] INFO: [SAVED] 30736ae612.jpg
[2026-05-19 00:45:50,699] INFO: [SAVED] 3341ea867c.jpg
[2026-05-19 00:45:50,705] INFO: [SAVED] 33a4ecb4e5.jpg
[2026-05-19 00:45:50,711] INFO: [SAVED] 3439c20566.jpg
[2026-05-19 00:45:50,718] INFO: [SAVED] 343fd48fed.jpg
[2026-05-19 00:45:50,724] INFO: [SAVED] 34918abaee.jpg
[2026-05-19 00:45:50,732] INFO: [SAVED] 34e1a82e2b.jpg
[2026-05-19 00:45:50,739] INFO: [SAVED] 3679992fc5.jpg
[2026-05-19 00:45:50,749] INFO: [SAVED] 38af0c775b.jpg
[2026-05-19 00:45:50,757] INFO: [SAVED] 38deadb6ee.jpg
[2026-05-19 00:45:50,767] INFO: [SAVED] 3a2d92afb7.jpg
[2026-05-19 00:45:50,774] INFO: [SAVED] 3be39d2ce5.jpg
[2026-05-19 00:45:50,782] INFO: [SAVED] 3ce183f52c.jpg
[2026-05-19 00:45:50,790] INFO: [SAVED] 3dc9156f9b.jpg
[2026-05-19 00:45:50,797] INFO: [SAVED] 437e5669fd.jpg
[2026-05-19 00:45:50,806] INFO: [SAVED] 43e3e73dfa.jpg
[2026-05-19 00:45:50,825] INFO: [SAVED] 4763c0b0da.jpg
[2026-05-19 00:45:50,834] INFO: [SAVED] 47a65283fb.jpg
[2026-05-19 00:45:50,840] INFO: [SAVED] 4a76e89a45.jpg
[2026-05-19 00:45:50,847] INFO: [SAVED] 4ae0e4f28e.jpg
[2026-05-19 00:45:50,854] INFO: [SAVED] 4cbf0d8f37.jpg
[2026-05-19 00:45:50,861] INFO: [SAVED] 4d795d1533.jpg
[2026-05-19 00:45:50,867] INFO: [SAVED] 4ee15e7992.jpg
[2026-05-19 00:45:50,873] INFO: [SAVED] 4f9e98f231.jpg
[2026-05-19 00:45:50,880] INFO: [SAVED] 52c7e8ba5d.jpg
[2026-05-19 00:45:50,886] INFO: [SAVED] 55df05b4b3.jpg
[2026-05-19 00:45:50,894] INFO: [SAVED] 56b64b42e9.jpg
[2026-05-19 00:45:50,901] INFO: [SAVED] 5fb33e124f.jpg
[2026-05-19 00:45:50,911] INFO: [SAVED] 62140d3bbd.jpg
[2026-05-19 00:45:50,920] INFO: [SAVED] 62380f207e.jpg
[2026-05-19 00:45:50,926] INFO: [SAVED] 62a141a648.jpg
[2026-05-19 00:45:50,933] INFO: [SAVED] 62fd31fb60.jpg
[2026-05-19 00:45:50,941] INFO: [SAVED] 643be67602.jpg
[2026-05-19 00:45:50,948] INFO: [SAVED] 65428282c2.jpg
[2026-05-19 00:45:50,956] INFO: [SAVED] 65d51097e5.jpg
[2026-05-19 00:45:50,966] INFO: [SAVED] 65e19dabbd.jpg
[2026-05-19 00:45:50,973] INFO: [SAVED] 660d15f9e7.jpg
[2026-05-19 00:45:50,981] INFO: [SAVED] 667ecc3eb2.jpg
[2026-05-19 00:45:50,988] INFO: [SAVED] 6a394f114a.jpg
[2026-05-19 00:45:50,993] INFO: [SAVED] 6bff832294.jpg
[2026-05-19 00:45:50,999] INFO: [SAVED] 6d8f29fbb1.jpg
[2026-05-19 00:45:51,004] INFO: [SAVED] 6e46eef608.jpg
[2026-05-19 00:45:51,011] INFO: [SAVED] 6f1cc3bd59.jpg
[2026-05-19 00:45:51,019] INFO: [SAVED] 6fefb622e4.jpg
[2026-05-19 00:45:51,025] INFO: [SAVED] 718bc27016.jpg
[2026-05-19 00:45:51,033] INFO: [SAVED] 72c717f21a.jpg
[2026-05-19 00:45:51,040] INFO: [SAVED] 7312817b41.jpg
[2026-05-19 00:45:51,049] INFO: [SAVED] 76ee5e1423.jpg
[2026-05-19 00:45:51,055] INFO: [SAVED] 77f8303618.jpg
[2026-05-19 00:45:51,063] INFO: [SAVED] 7814f550ff.jpg
[2026-05-19 00:45:51,069] INFO: [SAVED] 792e7709ec.jpg
[2026-05-19 00:45:51,075] INFO: [SAVED] 797e057023.jpg
[2026-05-19 00:45:51,082] INFO: [SAVED] 7aa867e747.jpg
[2026-05-19 00:45:51,090] INFO: [SAVED] 7ba31fe66a.jpg
[2026-05-19 00:45:51,102] INFO: [SAVED] 7ed564f0e4.jpg
[2026-05-19 00:45:51,110] INFO: [SAVED] 805f47058a.jpg
[2026-05-19 00:45:51,117] INFO: [SAVED] 827f3056cc.jpg
[2026-05-19 00:45:51,126] INFO: [SAVED] 852b5a1c5c.jpg
[2026-05-19 00:45:51,133] INFO: [SAVED] 85b358c4ec.jpg
[2026-05-19 00:45:51,138] INFO: [SAVED] 8ab7e3813b.jpg
[2026-05-19 00:45:51,148] INFO: [SAVED] 8de8f8e300.jpg
[2026-05-19 00:45:51,154] INFO: [SAVED] 8fa61a5a8f.jpg
[2026-05-19 00:45:51,162] INFO: [SAVED] 8ff70ae806.jpg
[2026-05-19 00:45:51,168] INFO: [SAVED] 919d025184.jpg
[2026-05-19 00:45:51,177] INFO: [SAVED] 935facae98.jpg
[2026-05-19 00:45:51,184] INFO: [SAVED] 994910262d.jpg
[2026-05-19 00:45:51,190] INFO: [SAVED] 9b196559fe.jpg
[2026-05-19 00:45:51,197] INFO: [SAVED] 9b21fd6b2d.jpg
[2026-05-19 00:45:51,203] INFO: [SAVED] 9f6f80ad1c.jpg
[2026-05-19 00:45:51,211] INFO: [SAVED] 9fd9b3f6be.jpg
[2026-05-19 00:45:51,220] INFO: [SAVED] a13fbfaff6.jpg
[2026-05-19 00:45:51,231] INFO: [SAVED] a2186021f4.jpg
[2026-05-19 00:45:51,239] INFO: [SAVED] a24563d869.jpg
[2026-05-19 00:45:51,250] INFO: [SAVED] a2a21ba2b7.jpg
[2026-05-19 00:45:51,259] INFO: [SAVED] a56a5961c4.jpg
[2026-05-19 00:45:51,268] INFO: [SAVED] a7f189b859.jpg
[2026-05-19 00:45:51,278] INFO: [SAVED] b132a029b7.jpg
[2026-05-19 00:45:51,287] INFO: [SAVED] b1c8ef53bc.jpg
[2026-05-19 00:45:51,295] INFO: [SAVED] b38a9d3526.jpg
[2026-05-19 00:45:51,305] INFO: [SAVED] b9fd5fccd5.jpg
[2026-05-19 00:45:51,315] INFO: [SAVED] bbf67e8be9.jpg
[2026-05-19 00:45:51,323] INFO: [SAVED] c5b43a7f08.jpg
[2026-05-19 00:45:51,331] INFO: [SAVED] c60ea42180.jpg
[2026-05-19 00:45:51,338] INFO: [SAVED] c6113d8299.jpg
[2026-05-19 00:45:51,347] INFO: [SAVED] cedd69c018.jpg
[2026-05-19 00:45:51,355] INFO: [SAVED] d060961076.jpg
[2026-05-19 00:45:51,365] INFO: [SAVED] d4fbced7be.jpg
[2026-05-19 00:45:51,376] INFO: [SAVED] d7d8159ac3.jpg
[2026-05-19 00:45:51,385] INFO: [SAVED] d80b7e5fbc.jpg
[2026-05-19 00:45:51,395] INFO: [SAVED] da2a79fa33.jpg
[2026-05-19 00:45:51,405] INFO: [SAVED] e002e28a7a.jpg
[2026-05-19 00:45:51,414] INFO: [SAVED] e3aa68e873.jpg
[2026-05-19 00:45:51,423] INFO: [SAVED] e55be9690f.jpg
[2026-05-19 00:45:51,434] INFO: [SAVED] e60adf5cb7.jpg
[2026-05-19 00:45:51,442] INFO: [SAVED] e96a01b618.jpg
[2026-05-19 00:45:51,461] INFO: [SAVED] f0e53092f4.jpg
[2026-05-19 00:45:51,469] INFO: [SAVED] f587de123d.jpg
[2026-05-19 00:45:51,479] INFO: [SAVED] f947768246.jpg
[2026-05-19 00:45:51,480] INFO: [OK] hibou_grand-duc : 134 images prétraitées
[2026-05-19 00:45:51,481] INFO: 
--- Traitement : hibou_moyen-duc ---
[2026-05-19 00:45:51,499] INFO: [SAVED] 0015b98393.jpg
[2026-05-19 00:45:51,509] INFO: [SAVED] 015c56d8a3.jpg
[2026-05-19 00:45:51,518] INFO: [SAVED] 05351c84b5.jpg
[2026-05-19 00:45:51,529] INFO: [SAVED] 05c8ecae63.jpg
[2026-05-19 00:45:51,602] INFO: [SAVED] 06f3bcb9e3.jpg
[2026-05-19 00:45:51,614] INFO: [SAVED] 06fe959f63.jpg
[2026-05-19 00:45:51,624] INFO: [SAVED] 08e2296f03.jpg
[2026-05-19 00:45:51,638] INFO: [SAVED] 0d562b1158.jpg
[2026-05-19 00:45:51,648] INFO: [SAVED] 0ebd878d6e.jpg
[2026-05-19 00:45:51,657] INFO: [SAVED] 10d2a08570.jpg
[2026-05-19 00:45:51,666] INFO: [SAVED] 1292b1a81c.jpg
[2026-05-19 00:45:51,676] INFO: [SAVED] 12c1dd2171.jpg
[2026-05-19 00:45:51,686] INFO: [SAVED] 16d7a83941.jpg
[2026-05-19 00:45:51,696] INFO: [SAVED] 1f6c614b0b.jpg
[2026-05-19 00:45:51,706] INFO: [SAVED] 21182b61b6.jpg
[2026-05-19 00:45:51,716] INFO: [SAVED] 22864c8919.jpg
[2026-05-19 00:45:51,724] INFO: [SAVED] 27daf5bbcf.jpg
[2026-05-19 00:45:51,735] INFO: [SAVED] 2bb28f9db6.jpg
[2026-05-19 00:45:51,746] INFO: [SAVED] 2c9fdfaf8c.jpg
[2026-05-19 00:45:51,755] INFO: [SAVED] 2cf7f52693.jpg
[2026-05-19 00:45:51,763] INFO: [SAVED] 3099fb8e1d.jpg
[2026-05-19 00:45:51,771] INFO: [SAVED] 3141fae300.jpg
[2026-05-19 00:45:51,782] INFO: [SAVED] 33f7e5cf0c.jpg
[2026-05-19 00:45:51,794] INFO: [SAVED] 35c8fa0422.jpg
[2026-05-19 00:45:51,804] INFO: [SAVED] 394c9c8ca0.jpg
[2026-05-19 00:45:51,814] INFO: [SAVED] 3a5e718ef9.jpg
[2026-05-19 00:45:51,826] INFO: [SAVED] 3f98a2cc78.jpg
[2026-05-19 00:45:51,838] INFO: [SAVED] 426ff60389.jpg
[2026-05-19 00:45:51,850] INFO: [SAVED] 43f29878d7.jpg
[2026-05-19 00:45:51,863] INFO: [SAVED] 449fb0c778.jpg
[2026-05-19 00:45:51,878] INFO: [SAVED] 44e257910f.jpg
[2026-05-19 00:45:51,890] INFO: [SAVED] 45937223e3.jpg
[2026-05-19 00:45:51,903] INFO: [SAVED] 46fc813152.jpg
[2026-05-19 00:45:51,921] INFO: [SAVED] 474b599d61.jpg
[2026-05-19 00:45:51,939] INFO: [SAVED] 4a6d538eba.jpg
[2026-05-19 00:45:51,952] INFO: [SAVED] 4c4f57cc29.jpg
[2026-05-19 00:45:52,034] INFO: [SAVED] 541eebf753.jpg
[2026-05-19 00:45:52,057] INFO: [SAVED] 565cd34394.jpg
[2026-05-19 00:45:52,068] INFO: [SAVED] 578de906f3.jpg
[2026-05-19 00:45:52,080] INFO: [SAVED] 5969b491a7.jpg
[2026-05-19 00:45:52,098] INFO: [SAVED] 5a51ef5813.jpg
[2026-05-19 00:45:52,111] INFO: [SAVED] 61b55c5309.jpg
[2026-05-19 00:45:52,121] INFO: [SAVED] 6344fe1025.jpg
[2026-05-19 00:45:52,136] INFO: [SAVED] 6380993aca.jpg
[2026-05-19 00:45:52,149] INFO: [SAVED] 638d39afd9.jpg
[2026-05-19 00:45:52,157] INFO: [SAVED] 6b71ef6a42.jpg
[2026-05-19 00:45:52,165] INFO: [SAVED] 700fca95a5.jpg
[2026-05-19 00:45:52,172] INFO: [SAVED] 704d3bfbb9.jpg
[2026-05-19 00:45:52,184] INFO: [SAVED] 7329c5522a.jpg
[2026-05-19 00:45:52,195] INFO: [SAVED] 73be243cdd.jpg
[2026-05-19 00:45:52,204] INFO: [SAVED] 766f742b61.jpg
[2026-05-19 00:45:52,217] INFO: [SAVED] 78d9ffd6e1.jpg
[2026-05-19 00:45:52,228] INFO: [SAVED] 78f9c68a6b.jpg
[2026-05-19 00:45:52,239] INFO: [SAVED] 80c5a6f7c2.jpg
[2026-05-19 00:45:52,249] INFO: [SAVED] 8430a480dd.jpg
[2026-05-19 00:45:52,260] INFO: [SAVED] 8a41b43eaa.jpg
[2026-05-19 00:45:52,270] INFO: [SAVED] 8adc5a2d13.jpg
[2026-05-19 00:45:52,280] INFO: [SAVED] 8afe35540c.jpg
[2026-05-19 00:45:52,290] INFO: [SAVED] 8bd2a55cef.jpg
[2026-05-19 00:45:52,301] INFO: [SAVED] 8e1c8f8eae.jpg
[2026-05-19 00:45:52,312] INFO: [SAVED] 8e1e8384bd.jpg
[2026-05-19 00:45:52,320] INFO: [SAVED] 8e6b410ce6.jpg
[2026-05-19 00:45:52,330] INFO: [SAVED] 8f2efe9c4f.jpg
[2026-05-19 00:45:52,340] INFO: [SAVED] 92a6f100df.jpg
[2026-05-19 00:45:52,353] INFO: [SAVED] 939eb87a3e.jpg
[2026-05-19 00:45:52,370] INFO: [SAVED] 9711687cd9.jpg
[2026-05-19 00:45:52,387] INFO: [SAVED] 97a7ccf821.jpg
[2026-05-19 00:45:52,403] INFO: [SAVED] 9c26b627a2.jpg
[2026-05-19 00:45:52,419] INFO: [SAVED] 9d781f348f.jpg
[2026-05-19 00:45:52,432] INFO: [SAVED] 9f15f5ccf8.jpg
[2026-05-19 00:45:52,440] INFO: [SAVED] a001ba9338.jpg
[2026-05-19 00:45:52,453] INFO: [SAVED] a39425b1e6.jpg
[2026-05-19 00:45:52,467] INFO: [SAVED] a42f7a20f9.jpg
[2026-05-19 00:45:52,485] INFO: [SAVED] a59d42b3fd.jpg
[2026-05-19 00:45:52,504] INFO: [SAVED] a8c4b18a76.jpg
[2026-05-19 00:45:52,521] INFO: [SAVED] a91d7c0333.jpg
[2026-05-19 00:45:52,537] INFO: [SAVED] a9df292a0e.jpg
[2026-05-19 00:45:52,587] INFO: [SAVED] ad85d62d85.jpg
[2026-05-19 00:45:52,599] INFO: [SAVED] b1a04135c1.jpg
[2026-05-19 00:45:52,611] INFO: [SAVED] b215d55f4a.jpg
[2026-05-19 00:45:52,629] INFO: [SAVED] b22ecc1705.jpg
[2026-05-19 00:45:52,638] INFO: [SAVED] b5955746d5.jpg
[2026-05-19 00:45:52,649] INFO: [SAVED] b8f4392899.jpg
[2026-05-19 00:45:52,658] INFO: [SAVED] c29212fe1f.jpg
[2026-05-19 00:45:52,672] INFO: [SAVED] c4f3277261.jpg
[2026-05-19 00:45:52,685] INFO: [SAVED] c59e16b2dd.jpg
[2026-05-19 00:45:52,695] INFO: [SAVED] c7d4e2376b.jpg
[2026-05-19 00:45:52,713] INFO: [SAVED] c8f6f25111.jpg
[2026-05-19 00:45:52,722] INFO: [SAVED] cb81643bfe.jpg
[2026-05-19 00:45:52,734] INFO: [SAVED] d16b0dc3d0.jpg
[2026-05-19 00:45:52,745] INFO: [SAVED] d1c1c2df18.jpg
[2026-05-19 00:45:52,766] INFO: [SAVED] d49af3c8c7.jpg
[2026-05-19 00:45:52,777] INFO: [SAVED] d8de35b02d.jpg
[2026-05-19 00:45:52,787] INFO: [SAVED] dc63246868.jpg
[2026-05-19 00:45:52,801] INFO: [SAVED] e0902a845d.jpg
[2026-05-19 00:45:52,812] INFO: [SAVED] e29eab5c9e.jpg
[2026-05-19 00:45:52,821] INFO: [SAVED] e75e6ebd5c.jpg
[2026-05-19 00:45:52,832] INFO: [SAVED] ea15ddb77d.jpg
[2026-05-19 00:45:52,853] INFO: [SAVED] ea5c48169c.jpg
[2026-05-19 00:45:52,869] INFO: [SAVED] f111309eaf.jpg
[2026-05-19 00:45:52,883] INFO: [SAVED] f3646eebac.jpg
[2026-05-19 00:45:52,926] INFO: [SAVED] f3a400685d.jpg
[2026-05-19 00:45:52,944] INFO: [SAVED] fb5ee71a00.jpg
[2026-05-19 00:45:52,944] INFO: [OK] hibou_moyen-duc : 103 images prétraitées
[2026-05-19 00:45:52,946] INFO: 
--- Traitement : hibou_petit-duc ---
[2026-05-19 00:45:52,979] INFO: [SAVED] 004a74ed56.jpg
[2026-05-19 00:45:52,990] INFO: [SAVED] 021a443cdd.jpg
[2026-05-19 00:45:53,010] INFO: [SAVED] 02ab49102e.jpg
[2026-05-19 00:45:53,023] INFO: [SAVED] 03aad15c88.jpg
[2026-05-19 00:45:53,032] INFO: [SAVED] 0aedf3cecf.jpg
[2026-05-19 00:45:53,040] INFO: [SAVED] 0af20dce0e.jpg
[2026-05-19 00:45:53,057] INFO: [SAVED] 0c0553ea36.jpg
[2026-05-19 00:45:53,071] INFO: [SAVED] 0f0bf2cfe9.jpg
[2026-05-19 00:45:53,081] INFO: [SAVED] 122f3291eb.jpg
[2026-05-19 00:45:53,092] INFO: [SAVED] 125b714200.jpg
[2026-05-19 00:45:53,129] INFO: [SAVED] 15962fa340.jpg
[2026-05-19 00:45:53,143] INFO: [SAVED] 185ce8488c.jpg
[2026-05-19 00:45:53,159] INFO: [SAVED] 1862bafb6b.jpg
[2026-05-19 00:45:53,179] INFO: [SAVED] 1975cf9baf.jpg
[2026-05-19 00:45:53,191] INFO: [SAVED] 1dc8582db6.jpg
[2026-05-19 00:45:53,207] INFO: [SAVED] 1f9391942a.jpg
[2026-05-19 00:45:53,230] INFO: [SAVED] 219fab1ad0.jpg
[2026-05-19 00:45:53,259] INFO: [SAVED] 255cee4e24.jpg
[2026-05-19 00:45:53,272] INFO: [SAVED] 25ecc69a8b.jpg
[2026-05-19 00:45:53,283] INFO: [SAVED] 266910a1c1.jpg
[2026-05-19 00:45:53,301] INFO: [SAVED] 27b5a35a2b.jpg
[2026-05-19 00:45:53,322] INFO: [SAVED] 29645476e7.jpg
[2026-05-19 00:45:53,343] INFO: [SAVED] 2b782df604.jpg
[2026-05-19 00:45:53,358] INFO: [SAVED] 2ff6e2dbfc.jpg
[2026-05-19 00:45:53,371] INFO: [SAVED] 32cb63a43b.jpg
[2026-05-19 00:45:53,384] INFO: [SAVED] 35cfd9a48f.jpg
[2026-05-19 00:45:53,397] INFO: [SAVED] 3816fdb4ba.jpg
[2026-05-19 00:45:53,411] INFO: [SAVED] 3ab2713975.jpg
[2026-05-19 00:45:53,425] INFO: [SAVED] 3d83e8da33.jpg
[2026-05-19 00:45:53,458] INFO: [SAVED] 4047b257bb.jpg
[2026-05-19 00:45:53,471] INFO: [SAVED] 46203e97dc.jpg
[2026-05-19 00:45:53,492] INFO: [SAVED] 464672d6da.jpg
[2026-05-19 00:45:53,505] INFO: [SAVED] 47a669f784.jpg
[2026-05-19 00:45:53,519] INFO: [SAVED] 4bb4af8c12.jpg
[2026-05-19 00:45:53,531] INFO: [SAVED] 4e8ac6920c.jpg
[2026-05-19 00:45:53,573] INFO: [SAVED] 50283bb89d.jpg
[2026-05-19 00:45:53,590] INFO: [SAVED] 5133442ba7.jpg
[2026-05-19 00:45:53,622] INFO: [SAVED] 5bb82bc71b.jpg
[2026-05-19 00:45:53,654] INFO: [SAVED] 5cf8becdc0.jpg
[2026-05-19 00:45:53,782] INFO: [SAVED] 5e506a388e.jpg
[2026-05-19 00:45:53,915] INFO: [SAVED] 6051695cf7.jpg
[2026-05-19 00:45:53,965] INFO: [SAVED] 608d1f00d4.jpg
[2026-05-19 00:45:53,977] INFO: [SAVED] 642e7532fc.jpg
[2026-05-19 00:45:53,986] INFO: [SAVED] 6c25594f32.jpg
[2026-05-19 00:45:53,996] INFO: [SAVED] 6c9892f917.jpg
[2026-05-19 00:45:54,006] INFO: [SAVED] 6d21ed4dd4.jpg
[2026-05-19 00:45:54,015] INFO: [SAVED] 7ac50c0843.jpg
[2026-05-19 00:45:54,021] INFO: [SAVED] 7d21ec171e.jpg
[2026-05-19 00:45:54,029] INFO: [SAVED] 7d26f4d4d4.jpg
[2026-05-19 00:45:54,036] INFO: [SAVED] 7f21f31a8a.jpg
[2026-05-19 00:45:54,042] INFO: [SAVED] 838dc8684e.jpg
[2026-05-19 00:45:54,051] INFO: [SAVED] 83fd8a70af.jpg
[2026-05-19 00:45:54,061] INFO: [SAVED] 854cf7b09f.jpg
[2026-05-19 00:45:54,068] INFO: [SAVED] 862949e585.jpg
[2026-05-19 00:45:54,076] INFO: [SAVED] 878421310c.jpg
[2026-05-19 00:45:54,086] INFO: [SAVED] 887b1bc6cc.jpg
[2026-05-19 00:45:54,092] INFO: [SAVED] 8fe07bd6d8.jpg
[2026-05-19 00:45:54,100] INFO: [SAVED] 9150981ca9.jpg
[2026-05-19 00:45:54,105] INFO: [SAVED] 932be7ec60.jpg
[2026-05-19 00:45:54,112] INFO: [SAVED] 955a258b3a.jpg
[2026-05-19 00:45:54,120] INFO: [SAVED] 9b902ebd50.jpg
[2026-05-19 00:45:54,132] INFO: [SAVED] 9c36eca090.jpg
[2026-05-19 00:45:54,147] INFO: [SAVED] 9c843d14e6.jpg
[2026-05-19 00:45:54,156] INFO: [SAVED] 9e5c137cef.jpg
[2026-05-19 00:45:54,165] INFO: [SAVED] a1fc13a6a2.jpg
[2026-05-19 00:45:54,176] INFO: [SAVED] a42f48025e.jpg
[2026-05-19 00:45:54,184] INFO: [SAVED] a835ea65d8.jpg
[2026-05-19 00:45:54,192] INFO: [SAVED] ac8a04d889.jpg
[2026-05-19 00:45:54,201] INFO: [SAVED] b1b3d478c4.jpg
[2026-05-19 00:45:54,208] INFO: [SAVED] b68f36a0b4.jpg
[2026-05-19 00:45:54,218] INFO: [SAVED] bccc51e89d.jpg
[2026-05-19 00:45:54,230] INFO: [SAVED] c47962d8b2.jpg
[2026-05-19 00:45:54,246] INFO: [SAVED] c758c67ce0.jpg
[2026-05-19 00:45:54,254] INFO: [SAVED] c7a1e74b05.jpg
[2026-05-19 00:45:54,266] INFO: [SAVED] c9d8c2cf32.jpg
[2026-05-19 00:45:54,275] INFO: [SAVED] caa99dc236.jpg
[2026-05-19 00:45:54,283] INFO: [SAVED] cbfe0f80cb.jpg
[2026-05-19 00:45:54,290] INFO: [SAVED] e012595bcf.jpg
[2026-05-19 00:45:54,296] INFO: [SAVED] e089957542.jpg
[2026-05-19 00:45:54,303] INFO: [SAVED] e3196f80d5.jpg
[2026-05-19 00:45:54,311] INFO: [SAVED] e53624ecd8.jpg
[2026-05-19 00:45:54,316] INFO: [SAVED] e7c26697ab.jpg
[2026-05-19 00:45:54,322] INFO: [SAVED] e9c523ed5a.jpg
[2026-05-19 00:45:54,331] INFO: [SAVED] f014eee6b2.jpg
[2026-05-19 00:45:54,338] INFO: [SAVED] f45b3894ac.jpg
[2026-05-19 00:45:54,347] INFO: [SAVED] f9390f4cb0.jpg
[2026-05-19 00:45:54,355] INFO: [SAVED] fa9e700fa8.jpg
[2026-05-19 00:45:54,366] INFO: [SAVED] fe06ede9a8.jpg
[2026-05-19 00:45:54,367] INFO: [OK] hibou_petit-duc : 88 images prétraitées
[2026-05-19 00:45:54,368] INFO: 
--- Traitement : martin-pêcheur ---
[2026-05-19 00:45:54,377] INFO: [SAVED] 002d8f4d98.jpg
[2026-05-19 00:45:54,387] INFO: [SAVED] 06bd1a95bc.jpg
[2026-05-19 00:45:54,394] INFO: [SAVED] 0830e96829.jpg
[2026-05-19 00:45:54,401] INFO: [SAVED] 094945faef.jpg
[2026-05-19 00:45:54,408] INFO: [SAVED] 0ae90a0911.jpg
[2026-05-19 00:45:54,418] INFO: [SAVED] 17fb076718.jpg
[2026-05-19 00:45:54,429] INFO: [SAVED] 1a91720b25.jpg
[2026-05-19 00:45:54,437] INFO: [SAVED] 23c2632f3b.jpg
[2026-05-19 00:45:54,447] INFO: [SAVED] 28cf7a1b01.jpg
[2026-05-19 00:45:54,455] INFO: [SAVED] 2bde7a2837.jpg
[2026-05-19 00:45:54,465] INFO: [SAVED] 2db9350a1c.jpg
[2026-05-19 00:45:54,474] INFO: [SAVED] 2ddc4fc025.jpg
[2026-05-19 00:45:54,488] INFO: [SAVED] 3e1d558278.jpg
[2026-05-19 00:45:54,506] INFO: [SAVED] 40905cfeae.jpg
[2026-05-19 00:45:54,522] INFO: [SAVED] 4103c3674e.jpg
[2026-05-19 00:45:54,542] INFO: [SAVED] 41199929ae.jpg
[2026-05-19 00:45:54,556] INFO: [SAVED] 43964810d6.jpg
[2026-05-19 00:45:54,570] INFO: [SAVED] 459a3ee5e3.jpg
[2026-05-19 00:45:54,586] INFO: [SAVED] 49c3b26a63.jpg
[2026-05-19 00:45:54,603] INFO: [SAVED] 4b91cbc031.jpg
[2026-05-19 00:45:54,617] INFO: [SAVED] 50cc0516dc.jpg
[2026-05-19 00:45:54,628] INFO: [SAVED] 529aefdcf4.jpg
[2026-05-19 00:45:54,635] INFO: [SAVED] 5d588df2a2.jpg
[2026-05-19 00:45:54,641] INFO: [SAVED] 60e821998e.jpg
[2026-05-19 00:45:54,651] INFO: [SAVED] 6282102693.jpg
[2026-05-19 00:45:54,657] INFO: [SAVED] 6951c6c2e4.jpg
[2026-05-19 00:45:54,665] INFO: [SAVED] 6b8f3aab9b.jpg
[2026-05-19 00:45:54,672] INFO: [SAVED] 6d1e01c9c9.jpg
[2026-05-19 00:45:54,680] INFO: [SAVED] 6d793b871a.jpg
[2026-05-19 00:45:54,686] INFO: [SAVED] 73362c306f.jpg
[2026-05-19 00:45:54,694] INFO: [SAVED] 77a6b62a9d.jpg
[2026-05-19 00:45:54,702] INFO: [SAVED] 783a805e7e.jpg
[2026-05-19 00:45:54,711] INFO: [SAVED] 7917653f20.jpg
[2026-05-19 00:45:54,720] INFO: [SAVED] 7a79b0da6f.jpg
[2026-05-19 00:45:54,731] INFO: [SAVED] 7bc96c3430.jpg
[2026-05-19 00:45:54,742] INFO: [SAVED] 8249b4abdf.jpg
[2026-05-19 00:45:54,752] INFO: [SAVED] 8457fcbce1.jpg
[2026-05-19 00:45:54,763] INFO: [SAVED] 8bf515f62e.jpg
[2026-05-19 00:45:54,773] INFO: [SAVED] 8cfd203da3.jpg
[2026-05-19 00:45:54,785] INFO: [SAVED] 8f6196ed05.jpg
[2026-05-19 00:45:54,796] INFO: [SAVED] 93e07fa1d8.jpg
[2026-05-19 00:45:54,804] INFO: [SAVED] 958ba394af.jpg
[2026-05-19 00:45:54,811] INFO: [SAVED] 98385e6cd3.jpg
[2026-05-19 00:45:54,817] INFO: [SAVED] 9f294f870b.jpg
[2026-05-19 00:45:54,828] INFO: [SAVED] a00c2bf472.jpg
[2026-05-19 00:45:54,838] INFO: [SAVED] a156a669f1.jpg
[2026-05-19 00:45:54,847] INFO: [SAVED] adabd84f18.jpg
[2026-05-19 00:45:54,854] INFO: [SAVED] b93a5989cd.jpg
[2026-05-19 00:45:54,864] INFO: [SAVED] ba6c29998a.jpg
[2026-05-19 00:45:54,871] INFO: [SAVED] bf1215e726.jpg
[2026-05-19 00:45:54,882] INFO: [SAVED] c1c247b7c3.jpg
[2026-05-19 00:45:54,890] INFO: [SAVED] d27096cfa5.jpg
[2026-05-19 00:45:54,897] INFO: [SAVED] d47d3e8e4f.jpg
[2026-05-19 00:45:54,903] INFO: [SAVED] d92227e232.jpg
[2026-05-19 00:45:54,909] INFO: [SAVED] de11ca224c.jpg
[2026-05-19 00:45:54,916] INFO: [SAVED] e0a86d7c6a.jpg
[2026-05-19 00:45:54,925] INFO: [SAVED] e0cbf70eb5.jpg
[2026-05-19 00:45:54,932] INFO: [SAVED] e3cf468747.jpg
[2026-05-19 00:45:54,939] INFO: [SAVED] f0edc69ee1.jpg
[2026-05-19 00:45:54,947] INFO: [SAVED] f33e066067.jpg
[2026-05-19 00:45:54,954] INFO: [SAVED] fc8a7861c7.jpg
[2026-05-19 00:45:54,962] INFO: [SAVED] ff42d082f7.jpg
[2026-05-19 00:45:54,963] INFO: [OK] martin-pêcheur : 62 images prétraitées
[2026-05-19 00:45:54,965] INFO: 
--- Traitement : pic_vert ---
[2026-05-19 00:45:54,972] INFO: [SAVED] 019203b121.jpg
[2026-05-19 00:45:54,978] INFO: [SAVED] 0484db6b4e.jpg
[2026-05-19 00:45:54,984] INFO: [SAVED] 05a8e80f86.jpg
[2026-05-19 00:45:54,991] INFO: [SAVED] 0628e442ae.jpg
[2026-05-19 00:45:54,998] INFO: [SAVED] 073e1e8b99.jpg
[2026-05-19 00:45:55,006] INFO: [SAVED] 089cd4c32e.jpg
[2026-05-19 00:45:55,017] INFO: [SAVED] 09ab6b07e7.jpg
[2026-05-19 00:45:55,023] INFO: [SAVED] 0cb81da4f6.jpg
[2026-05-19 00:45:55,032] INFO: [SAVED] 0dd0c55630.jpg
[2026-05-19 00:45:55,039] INFO: [SAVED] 0f7c864dc9.jpg
[2026-05-19 00:45:55,051] INFO: [SAVED] 10af03bd07.jpg
[2026-05-19 00:45:55,061] INFO: [SAVED] 10e7ff0521.jpg
[2026-05-19 00:45:55,069] INFO: [SAVED] 128d184fbf.jpg
[2026-05-19 00:45:55,075] INFO: [SAVED] 1292ec4ba4.jpg
[2026-05-19 00:45:55,083] INFO: [SAVED] 13d22fc8c6.jpg
[2026-05-19 00:45:55,092] INFO: [SAVED] 156d7ccde6.jpg
[2026-05-19 00:45:55,104] INFO: [SAVED] 1708db2031.jpg
[2026-05-19 00:45:55,113] INFO: [SAVED] 189ce2fa48.jpg
[2026-05-19 00:45:55,123] INFO: [SAVED] 1ae656d326.jpg
[2026-05-19 00:45:55,131] INFO: [SAVED] 1c196af590.jpg
[2026-05-19 00:45:55,139] INFO: [SAVED] 1dee8efadb.jpg
[2026-05-19 00:45:55,148] INFO: [SAVED] 1e37c9af50.jpg
[2026-05-19 00:45:55,155] INFO: [SAVED] 1e7795ff99.jpg
[2026-05-19 00:45:55,161] INFO: [SAVED] 21217018e4.jpg
[2026-05-19 00:45:55,167] INFO: [SAVED] 219c8b99ed.jpg
[2026-05-19 00:45:55,172] INFO: [SAVED] 230f7d97b7.jpg
[2026-05-19 00:45:55,182] INFO: [SAVED] 237e045e78.jpg
[2026-05-19 00:45:55,189] INFO: [SAVED] 241dd37639.jpg
[2026-05-19 00:45:55,196] INFO: [SAVED] 2463fc8006.jpg
[2026-05-19 00:45:55,207] INFO: [SAVED] 269e6fc431.jpg
[2026-05-19 00:45:55,216] INFO: [SAVED] 26a2113fd6.jpg
[2026-05-19 00:45:55,233] INFO: [SAVED] 26fa5c1a25.jpg
[2026-05-19 00:45:55,246] INFO: [SAVED] 283f35f1c5.jpg
[2026-05-19 00:45:55,256] INFO: [SAVED] 29b093d5e2.jpg
[2026-05-19 00:45:55,294] INFO: [SAVED] 2bbe458f90.jpg
[2026-05-19 00:45:55,311] INFO: [SAVED] 2bd65bf361.jpg
[2026-05-19 00:45:55,321] INFO: [SAVED] 2bf511fa75.jpg
[2026-05-19 00:45:55,332] INFO: [SAVED] 2c4226d929.jpg
[2026-05-19 00:45:55,345] INFO: [SAVED] 2e55498519.jpg
[2026-05-19 00:45:55,364] INFO: [SAVED] 30f994d792.jpg
[2026-05-19 00:45:55,385] INFO: [SAVED] 315cf7df5e.jpg
[2026-05-19 00:45:55,412] INFO: [SAVED] 335fa9191d.jpg
[2026-05-19 00:45:55,430] INFO: [SAVED] 35466eb38a.jpg
[2026-05-19 00:45:55,444] INFO: [SAVED] 35cfab2bd4.jpg
[2026-05-19 00:45:55,457] INFO: [SAVED] 371db07231.jpg
[2026-05-19 00:45:55,473] INFO: [SAVED] 37ba0e0510.jpg
[2026-05-19 00:45:55,488] INFO: [SAVED] 3814170880.jpg
[2026-05-19 00:45:55,499] INFO: [SAVED] 3815e51021.jpg
[2026-05-19 00:45:55,520] INFO: [SAVED] 38791f2b89.jpg
[2026-05-19 00:45:55,535] INFO: [SAVED] 3ad93ebdc4.jpg
[2026-05-19 00:45:55,551] INFO: [SAVED] 3f90876404.jpg
[2026-05-19 00:45:55,562] INFO: [SAVED] 408f46fb29.jpg
[2026-05-19 00:45:55,575] INFO: [SAVED] 40a273dfdc.jpg
[2026-05-19 00:45:55,586] INFO: [SAVED] 41d9647f25.jpg
[2026-05-19 00:45:55,598] INFO: [SAVED] 423f8a5b12.jpg
[2026-05-19 00:45:55,609] INFO: [SAVED] 4350ae524e.jpg
[2026-05-19 00:45:55,618] INFO: [SAVED] 43c20137bb.jpg
[2026-05-19 00:45:55,627] INFO: [SAVED] 44ee067549.jpg
[2026-05-19 00:45:55,634] INFO: [SAVED] 44f5fcf0e7.jpg
[2026-05-19 00:45:55,644] INFO: [SAVED] 45bffb62bb.jpg
[2026-05-19 00:45:55,653] INFO: [SAVED] 48ac7c324a.jpg
[2026-05-19 00:45:55,664] INFO: [SAVED] 48e020cc14.jpg
[2026-05-19 00:45:55,680] INFO: [SAVED] 4911b58ecf.jpg
[2026-05-19 00:45:55,695] INFO: [SAVED] 4b269cc11c.jpg
[2026-05-19 00:45:55,706] INFO: [SAVED] 4e407adc4e.jpg
[2026-05-19 00:45:55,716] INFO: [SAVED] 4f04708653.jpg
[2026-05-19 00:45:55,723] INFO: [SAVED] 50983fd041.jpg
[2026-05-19 00:45:55,731] INFO: [SAVED] 50b4aa38f3.jpg
[2026-05-19 00:45:55,738] INFO: [SAVED] 5270479864.jpg
[2026-05-19 00:45:55,747] INFO: [SAVED] 52e70ef7c8.jpg
[2026-05-19 00:45:55,756] INFO: [SAVED] 5690c0f1b2.jpg
[2026-05-19 00:45:55,764] INFO: [SAVED] 579a10b2e8.jpg
[2026-05-19 00:45:55,773] INFO: [SAVED] 57f5272062.jpg
[2026-05-19 00:45:55,782] INFO: [SAVED] 596a1c3492.jpg
[2026-05-19 00:45:55,806] INFO: [SAVED] 596e9a7210.jpg
[2026-05-19 00:45:55,820] INFO: [SAVED] 59cdccf997.jpg
[2026-05-19 00:45:55,833] INFO: [SAVED] 5acf85947f.jpg
[2026-05-19 00:45:55,841] INFO: [SAVED] 5ad58065f5.jpg
[2026-05-19 00:45:55,852] INFO: [SAVED] 5b4855eafc.jpg
[2026-05-19 00:45:55,866] INFO: [SAVED] 5e7eb7d22c.jpg
[2026-05-19 00:45:55,886] INFO: [SAVED] 5ee0b8f05b.jpg
[2026-05-19 00:45:55,910] INFO: [SAVED] 6138737f27.jpg
[2026-05-19 00:45:55,948] INFO: [SAVED] 615448a80e.jpg
[2026-05-19 00:45:55,971] INFO: [SAVED] 617427db2b.jpg
[2026-05-19 00:45:56,000] INFO: [SAVED] 680e5be55f.jpg
[2026-05-19 00:45:56,008] INFO: [SAVED] 6856a3c3a0.jpg
[2026-05-19 00:45:56,016] INFO: [SAVED] 69753660d5.jpg
[2026-05-19 00:45:56,029] INFO: [SAVED] 6aacc151cf.jpg
[2026-05-19 00:45:56,038] INFO: [SAVED] 6abb01c74c.jpg
[2026-05-19 00:45:56,054] INFO: [SAVED] 6d2499f8bf.jpg
[2026-05-19 00:45:56,065] INFO: [SAVED] 6f0a461a60.jpg
[2026-05-19 00:45:56,074] INFO: [SAVED] 6f4fdc4196.jpg
[2026-05-19 00:45:56,084] INFO: [SAVED] 6fe180c5e0.jpg
[2026-05-19 00:45:56,094] INFO: [SAVED] 717d14b328.jpg
[2026-05-19 00:45:56,100] INFO: [SAVED] 71b0a4ff8e.jpg
[2026-05-19 00:45:56,108] INFO: [SAVED] 721dcbd9ad.jpg
[2026-05-19 00:45:56,117] INFO: [SAVED] 73b5859d38.jpg
[2026-05-19 00:45:56,125] INFO: [SAVED] 73f9f7d44f.jpg
[2026-05-19 00:45:56,134] INFO: [SAVED] 747f996cdd.jpg
[2026-05-19 00:45:56,143] INFO: [SAVED] 748f537855.jpg
[2026-05-19 00:45:56,152] INFO: [SAVED] 74c78e2da5.jpg
[2026-05-19 00:45:56,165] INFO: [SAVED] 754efa6484.jpg
[2026-05-19 00:45:56,176] INFO: [SAVED] 787420c9fb.jpg
[2026-05-19 00:45:56,185] INFO: [SAVED] 7a1acb20e2.jpg
[2026-05-19 00:45:56,192] INFO: [SAVED] 7a608f4bac.jpg
[2026-05-19 00:45:56,203] INFO: [SAVED] 7af454a2e0.jpg
[2026-05-19 00:45:56,213] INFO: [SAVED] 7d02fd16b5.jpg
[2026-05-19 00:45:56,222] INFO: [SAVED] 7d9a562ce1.jpg
[2026-05-19 00:45:56,232] INFO: [SAVED] 7df5598299.jpg
[2026-05-19 00:45:56,241] INFO: [SAVED] 7e2f36ae7c.jpg
[2026-05-19 00:45:56,251] INFO: [SAVED] 7ed9f79770.jpg
[2026-05-19 00:45:56,262] INFO: [SAVED] 7f9a3f6150.jpg
[2026-05-19 00:45:56,270] INFO: [SAVED] 7ff6fee2b0.jpg
[2026-05-19 00:45:56,282] INFO: [SAVED] 815b777864.jpg
[2026-05-19 00:45:56,296] INFO: [SAVED] 81d8d53f6e.jpg
[2026-05-19 00:45:56,309] INFO: [SAVED] 81ec0a7cd7.jpg
[2026-05-19 00:45:56,327] INFO: [SAVED] 8290c68b21.jpg
[2026-05-19 00:45:56,335] INFO: [SAVED] 82cbdc0cca.jpg
[2026-05-19 00:45:56,347] INFO: [SAVED] 8592f2f83c.jpg
[2026-05-19 00:45:56,355] INFO: [SAVED] 865f313ea1.jpg
[2026-05-19 00:45:56,365] INFO: [SAVED] 871707fd9b.jpg
[2026-05-19 00:45:56,377] INFO: [SAVED] 8b5877d872.jpg
[2026-05-19 00:45:56,387] INFO: [SAVED] 8b8948da7d.jpg
[2026-05-19 00:45:56,397] INFO: [SAVED] 8d53e684bd.jpg
[2026-05-19 00:45:56,405] INFO: [SAVED] 8d9c4e5346.jpg
[2026-05-19 00:45:56,416] INFO: [SAVED] 8e797128ee.jpg
[2026-05-19 00:45:56,426] INFO: [SAVED] 920bc628d3.jpg
[2026-05-19 00:45:56,435] INFO: [SAVED] 95769b7f86.jpg
[2026-05-19 00:45:56,444] INFO: [SAVED] 960f843656.jpg
[2026-05-19 00:45:56,451] INFO: [SAVED] 9650434442.jpg
[2026-05-19 00:45:56,456] INFO: [SAVED] 99bb7e272a.jpg
[2026-05-19 00:45:56,465] INFO: [SAVED] 9b93eed84b.jpg
[2026-05-19 00:45:56,475] INFO: [SAVED] 9bd490c213.jpg
[2026-05-19 00:45:56,484] INFO: [SAVED] 9c027f725a.jpg
[2026-05-19 00:45:56,491] INFO: [SAVED] 9c5ad914ac.jpg
[2026-05-19 00:45:56,501] INFO: [SAVED] 9d8ec771f7.jpg
[2026-05-19 00:45:56,512] INFO: [SAVED] 9d9cd46fd4.jpg
[2026-05-19 00:45:56,528] INFO: [SAVED] 9e78b20595.jpg
[2026-05-19 00:45:56,539] INFO: [SAVED] 9ef83e3008.jpg
[2026-05-19 00:45:56,550] INFO: [SAVED] 9f8dbbaff2.jpg
[2026-05-19 00:45:56,562] INFO: [SAVED] a205864727.jpg
[2026-05-19 00:45:56,572] INFO: [SAVED] a5b44693d9.jpg
[2026-05-19 00:45:56,583] INFO: [SAVED] a73b3989a4.jpg
[2026-05-19 00:45:56,593] INFO: [SAVED] a79ecc3e30.jpg
[2026-05-19 00:45:56,603] INFO: [SAVED] a8bdea47d4.jpg
[2026-05-19 00:45:56,614] INFO: [SAVED] aa6802643f.jpg
[2026-05-19 00:45:56,622] INFO: [SAVED] abc09267c6.jpg
[2026-05-19 00:45:56,634] INFO: [SAVED] adbb2fcf41.jpg
[2026-05-19 00:45:56,643] INFO: [SAVED] aefc063c92.jpg
[2026-05-19 00:45:56,652] INFO: [SAVED] af39c0ce8a.jpg
[2026-05-19 00:45:56,661] INFO: [SAVED] b0b98a5ec1.jpg
[2026-05-19 00:45:56,670] INFO: [SAVED] b2c0cd8e98.jpg
[2026-05-19 00:45:56,679] INFO: [SAVED] b44fad9359.jpg
[2026-05-19 00:45:56,686] INFO: [SAVED] b451f29c23.jpg
[2026-05-19 00:45:56,696] INFO: [SAVED] b5372db5ff.jpg
[2026-05-19 00:45:56,703] INFO: [SAVED] b6793fb179.jpg
[2026-05-19 00:45:56,712] INFO: [SAVED] b6a89368a8.jpg
[2026-05-19 00:45:56,723] INFO: [SAVED] b8e16aad24.jpg
[2026-05-19 00:45:56,740] INFO: [SAVED] b9ca929758.jpg
[2026-05-19 00:45:56,769] INFO: [SAVED] ba266ffc45.jpg
[2026-05-19 00:45:56,799] INFO: [SAVED] ba6cf68990.jpg
[2026-05-19 00:45:56,850] INFO: [SAVED] bb6e06e635.jpg
[2026-05-19 00:45:56,910] INFO: [SAVED] bb8d4f9499.jpg
[2026-05-19 00:45:56,940] INFO: [SAVED] bbbf706133.jpg
[2026-05-19 00:45:56,957] INFO: [SAVED] bbdb634018.jpg
[2026-05-19 00:45:56,978] INFO: [SAVED] bc3e785ffc.jpg
[2026-05-19 00:45:56,997] INFO: [SAVED] bc586c3d10.jpg
[2026-05-19 00:45:57,052] INFO: [SAVED] befc3294b3.jpg
[2026-05-19 00:45:57,088] INFO: [SAVED] c2b59535fb.jpg
[2026-05-19 00:45:57,102] INFO: [SAVED] c4e6fb0354.jpg
[2026-05-19 00:45:57,120] INFO: [SAVED] c53a8a7567.jpg
[2026-05-19 00:45:57,133] INFO: [SAVED] c552dea4b6.jpg
[2026-05-19 00:45:57,154] INFO: [SAVED] c6081bee41.jpg
[2026-05-19 00:45:57,194] INFO: [SAVED] c65a7d8442.jpg
[2026-05-19 00:45:57,214] INFO: [SAVED] c78b8c30b2.jpg
[2026-05-19 00:45:57,224] INFO: [SAVED] c8ae22aeb3.jpg
[2026-05-19 00:45:57,233] INFO: [SAVED] c97018c369.jpg
[2026-05-19 00:45:57,243] INFO: [SAVED] ca56f3b70f.jpg
[2026-05-19 00:45:57,253] INFO: [SAVED] cc6da65551.jpg
[2026-05-19 00:45:57,276] INFO: [SAVED] cd09f3c0c8.jpg
[2026-05-19 00:45:57,286] INFO: [SAVED] ce11f37292.jpg
[2026-05-19 00:45:57,296] INFO: [SAVED] cead5458d0.jpg
[2026-05-19 00:45:57,308] INFO: [SAVED] cf8a2f02fc.jpg
[2026-05-19 00:45:57,318] INFO: [SAVED] cfcaf080b6.jpg
[2026-05-19 00:45:57,328] INFO: [SAVED] d0161cd63a.jpg
[2026-05-19 00:45:57,362] INFO: [SAVED] d172789527.jpg
[2026-05-19 00:45:57,377] INFO: [SAVED] d2b1b89549.jpg
[2026-05-19 00:45:57,393] INFO: [SAVED] d309786fb6.jpg
[2026-05-19 00:45:57,410] INFO: [SAVED] d32abe2ed4.jpg
[2026-05-19 00:45:57,432] INFO: [SAVED] d3f8d2dcb6.jpg
[2026-05-19 00:45:57,450] INFO: [SAVED] d43be49a7c.jpg
[2026-05-19 00:45:57,468] INFO: [SAVED] d4abdbcbba.jpg
[2026-05-19 00:45:57,487] INFO: [SAVED] d5a68d4e42.jpg
[2026-05-19 00:45:57,501] INFO: [SAVED] d96d9aae8e.jpg
[2026-05-19 00:45:57,534] INFO: [SAVED] da709a9c07.jpg
[2026-05-19 00:45:57,555] INFO: [SAVED] daa7cfe386.jpg
[2026-05-19 00:45:57,577] INFO: [SAVED] dec599241e.jpg
[2026-05-19 00:45:57,602] INFO: [SAVED] decad4f59c.jpg
[2026-05-19 00:45:57,614] INFO: [SAVED] e2b39e741d.jpg
[2026-05-19 00:45:57,628] INFO: [SAVED] e55230f32d.jpg
[2026-05-19 00:45:57,638] INFO: [SAVED] e5d1466342.jpg
[2026-05-19 00:45:57,660] INFO: [SAVED] e5d65d49e2.jpg
[2026-05-19 00:45:57,686] INFO: [SAVED] e625e3b189.jpg
[2026-05-19 00:45:57,697] INFO: [SAVED] e75e095a08.jpg
[2026-05-19 00:45:57,718] INFO: [SAVED] e8a37900e1.jpg
[2026-05-19 00:45:57,732] INFO: [SAVED] e8e95de51f.jpg
[2026-05-19 00:45:57,812] INFO: [SAVED] ea9c6a05c3.jpg
[2026-05-19 00:45:57,998] INFO: [SAVED] ecbd657e1d.jpg
[2026-05-19 00:45:58,033] INFO: [SAVED] ed63e8a1a8.jpg
[2026-05-19 00:45:58,085] INFO: [SAVED] ee3d1b75e9.jpg
[2026-05-19 00:45:58,103] INFO: [SAVED] eeec99c7f9.jpg
[2026-05-19 00:45:58,116] INFO: [SAVED] efd833a447.jpg
[2026-05-19 00:45:58,125] INFO: [SAVED] f005dd468f.jpg
[2026-05-19 00:45:58,138] INFO: [SAVED] f1401afba8.jpg
[2026-05-19 00:45:58,152] INFO: [SAVED] f253593511.jpg
[2026-05-19 00:45:58,169] INFO: [SAVED] f306643205.jpg
[2026-05-19 00:45:58,187] INFO: [SAVED] f3fe8edb23.jpg
[2026-05-19 00:45:58,203] INFO: [SAVED] f4c8e23c66.jpg
[2026-05-19 00:45:58,219] INFO: [SAVED] f52fdedf31.jpg
[2026-05-19 00:45:58,234] INFO: [SAVED] f7283d47f8.jpg
[2026-05-19 00:45:58,253] INFO: [SAVED] f779716e8d.jpg
[2026-05-19 00:45:58,268] INFO: [SAVED] f8a7914530.jpg
[2026-05-19 00:45:58,280] INFO: [SAVED] f97b0c4211.jpg
[2026-05-19 00:45:58,294] INFO: [SAVED] fc0f9b2147.jpg
[2026-05-19 00:45:58,307] INFO: [SAVED] fc83855a36.jpg
[2026-05-19 00:45:58,316] INFO: [SAVED] fe49d3b29e.jpg
[2026-05-19 00:45:58,324] INFO: [SAVED] feb9b01d28.jpg
[2026-05-19 00:45:58,337] INFO: [SAVED] ffffa3bb3f.jpg
[2026-05-19 00:45:58,338] INFO: [OK] pic_vert : 228 images prétraitées
[2026-05-19 00:45:58,339] INFO: 
=== RESUME DU PRETRAITEMENT ===
[2026-05-19 00:45:58,339] INFO: Images traitées : 944
[2026-05-19 00:45:58,339] INFO: Images échouées : 0
[2026-05-19 00:45:58,339] INFO: Total : 944
[2026-05-19 00:45:58,339] INFO: Taille cible : (224, 224)
[2026-05-19 00:45:58,339] INFO: Format : JPG (quality 85)
[2026-05-19 00:45:58,339] INFO: Normalisation : [0, 1]
[2026-05-19 00:45:58,340] INFO: === PRETRAITEMENT TERMINE ===
